Warning: Your system is mis-configured: ‘/etc/localtime’ is not a symlink
Warning: ‘/etc/localtime’ is not identical to any known timezone file
R version 4.3.3 (2024-02-29)
Platform: x86_64-conda-linux-gnu (64-bit)
Running under: Ubuntu 24.04.1 LTS

Matrix products: default
BLAS/LAPACK: /opt/conda/lib/libopenblasp-r0.3.30.so;  LAPACK version 3.12.0

locale:
 [1] LC_CTYPE=C.UTF-8       LC_NUMERIC=C           LC_TIME=C.UTF-8       
 [4] LC_COLLATE=C.UTF-8     LC_MONETARY=C.UTF-8    LC_MESSAGES=C.UTF-8   
 [7] LC_PAPER=C.UTF-8       LC_NAME=C              LC_ADDRESS=C          
[10] LC_TELEPHONE=C         LC_MEASUREMENT=C.UTF-8 LC_IDENTIFICATION=C   

time zone: NA
tzcode source: system (glibc)

attached base packages:
[1] stats     graphics  grDevices utils     datasets  methods   base     

other attached packages:
[1] getopt_1.20.4     data.table_1.17.8 ggplot2_3.5.2    

loaded via a namespace (and not attached):
 [1] labeling_0.4.3     RColorBrewer_1.1-3 R6_2.6.1           farver_2.1.2      
 [5] magrittr_2.0.3     gtable_0.3.6       glue_1.8.0         tibble_3.3.0      
 [9] pkgconfig_2.0.3    lifecycle_1.0.4    cli_3.6.5          scales_1.4.0      
[13] grid_4.3.3         vctrs_0.6.5        withr_3.0.2        compiler_4.3.3    
[17] tools_4.3.3        pillar_1.11.0      rlang_1.1.6       
Plot saved to SAMPLE_19_assignment_heatmap.png 
